// Jest Snapshot v1, https://goo.gl/fbAQLP

exports[`Snapshot test of App should match the shapshot every render 1`] = `
[
  <div>
    <a
      href="https://vitejs.dev"
      target="_blank"
    >
      <img
        alt="Vite logo"
        className="logo"
        src="test-file-stub"
      />
    </a>
    <a
      href="https://react.dev"
      target="_blank"
    >
      <img
        alt="React logo"
        className="logo react"
        src="test-file-stub"
      />
    </a>
  </div>,
  <h1>
    Vite + React
  </h1>,
  <div
    className="card"
  >
    <button
      onClick={[Function]}
    >
      count is 
      0
    </button>
    <p>
      Edit 
      <code>
        src/App.jsx
      </code>
       and save to test HMR
    </p>
  </div>,
  <p
    className="read-the-docs"
  >
    Click on the Vite and React logos to learn more
  </p>,
]
`;
